bbmt10 bbmt10 <bbmt10.pfb
bbmt12 bbmt12 <bbmt12.pfb
bbmt17 bbmt17 <bbmt17.pfb
bbmt5 bbmt5 <bbmt5.pfb
bbmt6 bbmt6 <bbmt6.pfb
bbmt7 bbmt7 <bbmt7.pfb
bbmt8 bbmt8 <bbmt8.pfb
bbmt9 bbmt9 <bbmt9.pfb
bbmtb10 bbmtb10 <bbmtb10.pfb
bbmtbx10 bbmtbx10 <bbmtbx10.pfb
bbmtbx12 bbmtbx12 <bbmtbx12.pfb
bbmtbx5 bbmtbx5 <bbmtbx5.pfb
bbmtbx6 bbmtbx6 <bbmtbx6.pfb
bbmtbx7 bbmtbx7 <bbmtbx7.pfb
bbmtbx8 bbmtbx8 <bbmtbx8.pfb
bbmtbx9 bbmtbx9 <bbmtbx9.pfb
bbmtbxsl10 bbmtbxsl10 <bbmtbxsl10.pfb
bbmtdunh10 bbmtdunh10 <bbmtdunh10.pfb
bbmtfib8 bbmtfib8 <bbmtfib8.pfb
bbmtfxib8 bbmtfxib8 <bbmtfxib8.pfb
bbmtsl10 bbmtsl10 <bbmtsl10.pfb
bbmtsl12 bbmtsl12 <bbmtsl12.pfb
bbmtsl8 bbmtsl8 <bbmtsl8.pfb
bbmtsl9 bbmtsl9 <bbmtsl9.pfb
bbmtsltt10 bbmtsltt10 <bbmtsltt10.pfb
bbmtss10 bbmtss10 <bbmtss10.pfb
bbmtss12 bbmtss12 <bbmtss12.pfb
bbmtss17 bbmtss17 <bbmtss17.pfb
bbmtss8 bbmtss8 <bbmtss8.pfb
bbmtss9 bbmtss9 <bbmtss9.pfb
bbmtssbx10 bbmtssbx10 <bbmtssbx10.pfb
bbmtssdc10 bbmtssdc10 <bbmtssdc10.pfb
bbmtssi10 bbmtssi10 <bbmtssi10.pfb
bbmtssi12 bbmtssi12 <bbmtssi12.pfb
bbmtssi17 bbmtssi17 <bbmtssi17.pfb
bbmtssi8 bbmtssi8 <bbmtssi8.pfb
bbmtssi9 bbmtssi9 <bbmtssi9.pfb
bbmtssq8 bbmtssq8 <bbmtssq8.pfb
bbmtssqi8 bbmtssqi8 <bbmtssqi8.pfb
bbmtvtt10 bbmtvtt10 <bbmtvtt10.pfb